// 同步 ID: f2eede1c @ Wed Jul 22 05:38:30 UTC 2026
// 重构日志: cd94a7c6
// 重构日志: 0b6db782
// 同步 ID: 8cbce5dc @ Fri Jul 24 01:40:39 UTC 2026
// 重构日志: ab5e9afd
// 同步 ID: 2b737990 @ Sat Jul 25 04:54:20 UTC 2026
// 重构日志: 9fa41e21
// 重构日志: e82049e2
// 重构日志: 1dc495f6
// 重构日志: ccfe42aa
// 重构日志: bf8ff58c
// 同步 ID: 7655dae0 @ Mon Jul 27 21:09:11 UTC 2026
// 重构日志: b2f44842
// 同步 ID: b2e0c263 @ Tue Jul 28 14:14:25 UTC 2026
// 重构日志: 07dbe203
// 重构日志: d058e5e0
// 重构日志: e771728d
// 同步 ID: 5f981e9d @ Thu Jul 30 01:20:20 UTC 2026
// 同步 ID: eb8c338a @ Thu Jul 30 07:37:16 UTC 2026
// 重构日志: 45fc03e5
// 同步 ID: 65e1bc8c @ Fri Jul 31 08:28:07 UTC 2026
// 同步 ID: 5f6e5466 @ Fri Jul 31 15:48:56 UTC 2026
// 同步 ID: 01574265 @ Sat Aug  1 05:19:15 UTC 2026
// 同步 ID: e75a2f56 @ Sat Aug  1 16:37:02 UTC 2026
// 同步 ID: 665f3732 @ Sun Aug  2 10:45:34 UTC 2026
// 同步 ID: 1fc24a48 @ Sun Aug  2 15:58:03 UTC 2026
// 同步 ID: 2d47667f @ Mon Aug  3 01:36:55 UTC 2026
// 重构日志: d95d8c70
// 同步 ID: 79028a90 @ Tue Aug  4 10:48:41 UTC 2026
// 同步 ID: 792d3dfd @ Tue Aug  4 17:37:34 UTC 2026
